components/puzzle/MultipleChoice.tsx(1,35): error TS2307: Cannot find module '@/data/curriculum/schema' or its corresponding type declarations.
components/puzzle/MultipleChoice.tsx(2,20): error TS2307: Cannot find module '@/lib/utils' or its corresponding type declarations.
components/puzzle/MultipleChoice.tsx(38,9): error TS17004: Cannot use JSX unless the '--jsx' flag is provided.
components/puzzle/MultipleChoice.tsx(39,13): error TS17004: Cannot use JSX unless the '--jsx' flag is provided.
components/puzzle/MultipleChoice.tsx(41,13): error TS17004: Cannot use JSX unless the '--jsx' flag is provided.
components/puzzle/MultipleChoice.tsx(48,25): error TS17004: Cannot use JSX unless the '--jsx' flag is provided.
components/puzzle/MultipleChoice.tsx(61,29): error TS17004: Cannot use JSX unless the '--jsx' flag is provided.
components/puzzle/MultipleChoice.tsx(62,33): error TS17004: Cannot use JSX unless the '--jsx' flag is provided.
components/puzzle/MultipleChoice.tsx(63,49): error TS17004: Cannot use JSX unless the '--jsx' flag is provided.
components/puzzle/MultipleChoice.tsx(64,47): error TS17004: Cannot use JSX unless the '--jsx' flag is provided.
components/puzzle/MultipleChoice.tsx(81,37): error TS17004: Cannot use JSX unless the '--jsx' flag is provided.
components/puzzle/MultipleChoice.tsx(94,13): error TS17004: Cannot use JSX unless the '--jsx' flag is provided.
components/puzzle/MultipleChoice.tsx(96,21): error TS17004: Cannot use JSX unless the '--jsx' flag is provided.
components/puzzle/MultipleChoice.tsx(109,21): error TS17004: Cannot use JSX unless the '--jsx' flag is provided.
